// Jest Snapshot v1, https://goo.gl/fbAQLP

exports[`snapshots App snapshor 1`] = `[Function]`;
