// Jest Snapshot v1, https://goo.gl/fbAQLP

exports[`snapshot Cell snapshot 1`] = `[Function]`;
